// Jest Snapshot v1, https://goo.gl/fbAQLP

exports[`should render Footer correctly 1`] = `
<footer
  className="footer"
>
  <div
    className="footerContent"
  >
    <div
      className="row"
    >
      <div
        className="col-md-4"
      >
        <strong>
          Contact Us:
        </strong>
        <br />
        Office full Address
        <br />
        <span
          className="glyphicon glyphicon-phone"
        >
           1300-WEST-X-SOUTHWEST
        </span>
        <br />
        (Actual phone number)
        <br />
        Fax number
        <br />
        Email:westx-southwest@gmail.com
      </div>
      <div
        className="col-md-4"
      >
        <strong>
           Keep in touch with us 
        </strong>
         
        <br />
        <a
          className="fa fa-facebook"
          href="#"
        />
        <a
          className="fa fa-twitter"
          href="#"
        />
        <a
          className="fa fa-google"
          href="#"
        />
        <a
          className="fa fa-linkedin"
          href="#"
        />
        <a
          className="fa fa-youtube"
          href="#"
        />
      </div>
      <div
        className="col-md-4"
      >
        Â© 2018 WEST X SOUTHWEST. All Rights Reserved.
        <br />
        <a
          href="https://www.westxsouthwest.com.au/privacy"
          title="Privacy Policy"
        >
          Privacy Policy
        </a>
        <br />
        <a
          href="https://www.westxsouthwest.com.au/terms-and-conditions"
          title="Terms and Conditions"
        >
          Terms and Conditions
        </a>
        <br />
      </div>
    </div>
  </div>
</footer>
`;
